{
  "version": "1.5.0",
  "plugins_used": [
    {
      "name": "ArtifactoryDetector"
    },
    {
      "name": "AWSKeyDetector"
    },
    {
      "name": "AzureStorageKeyDetector"
    },
    {
      "name": "Base64HighEntropyString",
      "limit": 4.5
    },
    {
      "name": "BasicAuthDetector"
    },
    {
      "name": "CloudantDetector"
    },
    {
      "name": "DiscordBotTokenDetector"
    },
    {
      "name": "GitHubTokenDetector"
    },
    {
      "name": "GitLabTokenDetector"
    },
    {
      "name": "HexHighEntropyString",
      "limit": 3.0
    },
    {
      "name": "IbmCloudIamDetector"
    },
    {
      "name": "IbmCosHmacDetector"
    },
    {
      "name": "IPPublicDetector"
    },
    {
      "name": "JwtTokenDetector"
    },
    {
      "name": "KeywordDetector",
      "keyword_exclude": ""
    },
    {
      "name": "MailchimpDetector"
    },
    {
      "name": "NpmDetector"
    },
    {
      "name": "OpenAIDetector"
    },
    {
      "name": "PrivateKeyDetector"
    },
    {
      "name": "PypiTokenDetector"
    },
    {
      "name": "SendGridDetector"
    },
    {
      "name": "SlackDetector"
    },
    {
      "name": "SoftlayerDetector"
    },
    {
      "name": "SquareOAuthDetector"
    },
    {
      "name": "StripeDetector"
    },
    {
      "name": "TelegramBotTokenDetector"
    },
    {
      "name": "TwilioKeyDetector"
    }
  ],
  "filters_used": [
    {
      "path": "detect_secrets.filters.allowlist.is_line_allowlisted"
    },
    {
      "path": "detect_secrets.filters.common.is_baseline_file",
      "filename": ".secrets.baseline"
    },
    {
      "path": "detect_secrets.filters.common.is_ignored_due_to_verification_policies",
      "min_level": 2
    },
    {
      "path": "detect_secrets.filters.heuristic.is_indirect_reference"
    },
    {
      "path": "detect_secrets.filters.heuristic.is_likely_id_string"
    },
    {
      "path": "detect_secrets.filters.heuristic.is_lock_file"
    },
    {
      "path": "detect_secrets.filters.heuristic.is_not_alphanumeric_string"
    },
    {
      "path": "detect_secrets.filters.heuristic.is_potential_uuid"
    },
    {
      "path": "detect_secrets.filters.heuristic.is_prefixed_with_dollar_sign"
    },
    {
      "path": "detect_secrets.filters.heuristic.is_sequential_string"
    },
    {
      "path": "detect_secrets.filters.heuristic.is_swagger_file"
    },
    {
      "path": "detect_secrets.filters.heuristic.is_templated_secret"
    },
    {
      "path": "detect_secrets.filters.regex.should_exclude_file",
      "pattern": [
        "\\.lock$",
        "\\.env\\.example$",
        "bandit-report\\.json$",
        "^tests/",
        "security-report\\.json$"
      ]
    }
  ],
  "results": {
    ".github/workflows/ci.yml": [
      {
        "type": "Secret Keyword",
        "filename": ".github/workflows/ci.yml",
        "hashed_secret": "a94a8fe5ccb19ba61c4c0873d391e987982fbbd3",
        "is_verified": false,
        "line_number": 407
      },
      {
        "type": "Basic Auth Credentials",
        "filename": ".github/workflows/ci.yml",
        "hashed_secret": "a94a8fe5ccb19ba61c4c0873d391e987982fbbd3",
        "is_verified": false,
        "line_number": 454
      },
      {
        "type": "Secret Keyword",
        "filename": ".github/workflows/ci.yml",
        "hashed_secret": "71cadc7ae2997690ed0a1899ba50985d998f4da4",
        "is_verified": false,
        "line_number": 508
      },
      {
        "type": "Basic Auth Credentials",
        "filename": ".github/workflows/ci.yml",
        "hashed_secret": "71cadc7ae2997690ed0a1899ba50985d998f4da4",
        "is_verified": false,
        "line_number": 558
      },
      {
        "type": "Secret Keyword",
        "filename": ".github/workflows/ci.yml",
        "hashed_secret": "aad9b65bcacf1c2f6251d6d4ad7659b1ee8b4683",
        "is_verified": false,
        "line_number": 639
      }
    ],
    ".github/workflows/integration-tests.yml": [
      {
        "type": "Secret Keyword",
        "filename": ".github/workflows/integration-tests.yml",
        "hashed_secret": "9fb7fe1217aed442b04c0f5e43b5d5a7d3287097",
        "is_verified": false,
        "line_number": 39
      },
      {
        "type": "Secret Keyword",
        "filename": ".github/workflows/integration-tests.yml",
        "hashed_secret": "12847dd0aa2e5758bc2c0839f11d3b5e72318d1f",
        "is_verified": false,
        "line_number": 80
      }
    ],
    "claude-providers.json": [
      {
        "type": "Secret Keyword",
        "filename": "claude-providers.json",
        "hashed_secret": "f8ca0d7266886f4b5be9adddc9b66017b3bf1a4b",
        "is_verified": false,
        "line_number": 7
      },
      {
        "type": "Secret Keyword",
        "filename": "claude-providers.json",
        "hashed_secret": "bdba56f9c45777a67fbbb1b889fe2c54579f4627",
        "is_verified": false,
        "line_number": 53
      },
      {
        "type": "Secret Keyword",
        "filename": "claude-providers.json",
        "hashed_secret": "42d3638a0db95f52db472ec13c59793551dad7cb",
        "is_verified": false,
        "line_number": 76
      }
    ],
    "consumers/DEPLOYMENT.md": [
      {
        "type": "Secret Keyword",
        "filename": "consumers/DEPLOYMENT.md",
        "hashed_secret": "a6778f1880744bd1a342a8e3789135412d8f9da2",
        "is_verified": false,
        "line_number": 266
      }
    ],
    "consumers/QUICKSTART.md": [
      {
        "type": "Secret Keyword",
        "filename": "consumers/QUICKSTART.md",
        "hashed_secret": "19a5e4d5ef67a8b6453d773e4b1768e7c01c9fbb",
        "is_verified": false,
        "line_number": 28
      }
    ],
    "consumers/README.md": [
      {
        "type": "Secret Keyword",
        "filename": "consumers/README.md",
        "hashed_secret": "19a5e4d5ef67a8b6453d773e4b1768e7c01c9fbb",
        "is_verified": false,
        "line_number": 93
      }
    ],
    "consumers/agent_actions_consumer.service": [
      {
        "type": "Base64 High Entropy String",
        "filename": "consumers/agent_actions_consumer.service",
        "hashed_secret": "c06c011674fcf7db1f67d0038432148b64461078",
        "is_verified": false,
        "line_number": 26
      }
    ],
    "consumers/config.example.json": [
      {
        "type": "Secret Keyword",
        "filename": "consumers/config.example.json",
        "hashed_secret": "19a5e4d5ef67a8b6453d773e4b1768e7c01c9fbb",
        "is_verified": false,
        "line_number": 11
      }
    ],
    "docs/KAFKA_INTEGRATION.md": [
      {
        "type": "Secret Keyword",
        "filename": "docs/KAFKA_INTEGRATION.md",
        "hashed_secret": "19a5e4d5ef67a8b6453d773e4b1768e7c01c9fbb",
        "is_verified": false,
        "line_number": 1459
      }
    ],
    "docs/MVP_CROSS_REPO_ROADMAP.md": [
      {
        "type": "Secret Keyword",
        "filename": "docs/MVP_CROSS_REPO_ROADMAP.md",
        "hashed_secret": "19a5e4d5ef67a8b6453d773e4b1768e7c01c9fbb",
        "is_verified": false,
        "line_number": 450
      }
    ],
    "docs/PII_SANITIZATION_POLICY.md": [
      {
        "type": "Secret Keyword",
        "filename": "docs/PII_SANITIZATION_POLICY.md",
        "hashed_secret": "f2b14f68eb995facb3a1c35287b778d5bd785511",
        "is_verified": false,
        "line_number": 85
      },
      {
        "type": "Secret Keyword",
        "filename": "docs/PII_SANITIZATION_POLICY.md",
        "hashed_secret": "cba7d8d926ee837cf3f92636a6d1cd0eb397db64",
        "is_verified": false,
        "line_number": 86
      },
      {
        "type": "Basic Auth Credentials",
        "filename": "docs/PII_SANITIZATION_POLICY.md",
        "hashed_secret": "5baa61e4c9b93f3f0682250b6cf8331b7ee68fd8",
        "is_verified": false,
        "line_number": 131
      },
      {
        "type": "Basic Auth Credentials",
        "filename": "docs/PII_SANITIZATION_POLICY.md",
        "hashed_secret": "9d4e1e23bd5b727046a9e3b4b7db57bd8d6ee684",
        "is_verified": false,
        "line_number": 241
      },
      {
        "type": "Basic Auth Credentials",
        "filename": "docs/PII_SANITIZATION_POLICY.md",
        "hashed_secret": "e5e9fa1ba31ecd1ae84f75caaa474f3a663f05f4",
        "is_verified": false,
        "line_number": 270
      }
    ],
    "docs/SECURITY.md": [
      {
        "type": "Secret Keyword",
        "filename": "docs/SECURITY.md",
        "hashed_secret": "1ccebc9638f47c80fc388173e346b2fa51178cca",
        "is_verified": false,
        "line_number": 139
      }
    ],
    "docs/SLACK_ERROR_NOTIFICATIONS.md": [
      {
        "type": "Basic Auth Credentials",
        "filename": "docs/SLACK_ERROR_NOTIFICATIONS.md",
        "hashed_secret": "9d4e1e23bd5b727046a9e3b4b7db57bd8d6ee684",
        "is_verified": false,
        "line_number": 410
      },
      {
        "type": "Basic Auth Credentials",
        "filename": "docs/SLACK_ERROR_NOTIFICATIONS.md",
        "hashed_secret": "e5e9fa1ba31ecd1ae84f75caaa474f3a663f05f4",
        "is_verified": false,
        "line_number": 471
      },
      {
        "type": "Base64 High Entropy String",
        "filename": "docs/SLACK_ERROR_NOTIFICATIONS.md",
        "hashed_secret": "e1528ab28b5ab47ea514f383a9894649d9711c11",
        "is_verified": false,
        "line_number": 472
      },
      {
        "type": "Secret Keyword",
        "filename": "docs/SLACK_ERROR_NOTIFICATIONS.md",
        "hashed_secret": "e1528ab28b5ab47ea514f383a9894649d9711c11",
        "is_verified": false,
        "line_number": 472
      }
    ],
    "docs/architecture/SERVICE-BOUNDARIES.md": [
      {
        "type": "Secret Keyword",
        "filename": "docs/architecture/SERVICE-BOUNDARIES.md",
        "hashed_secret": "1cf4c502ddd89b918c4bfefea76dadd590693b48",
        "is_verified": false,
        "line_number": 616
      }
    ],
    "docs/fixes/FIX_PATTERN_QUALITY_ON_CONFLICT.md": [
      {
        "type": "Basic Auth Credentials",
        "filename": "docs/fixes/FIX_PATTERN_QUALITY_ON_CONFLICT.md",
        "hashed_secret": "5baa61e4c9b93f3f0682250b6cf8331b7ee68fd8",
        "is_verified": false,
        "line_number": 228
      }
    ],
    "docs/kafka-event-schema-example.json": [
      {
        "type": "Hex High Entropy String",
        "filename": "docs/kafka-event-schema-example.json",
        "hashed_secret": "37583f197b43cb8499bad29a3ecee913c8f7ac68",
        "is_verified": false,
        "line_number": 8
      }
    ],
    "docs/observability/DATA_FLOW_ANALYSIS.md": [
      {
        "type": "Secret Keyword",
        "filename": "docs/observability/DATA_FLOW_ANALYSIS.md",
        "hashed_secret": "bd3a11478cfb7879bcc2b90fbcab99e22e2a8c24",
        "is_verified": false,
        "line_number": 372
      }
    ],
    "docs/planning/AGENT_OBSERVABILITY_DIAGNOSTIC_PLAN.md": [
      {
        "type": "Secret Keyword",
        "filename": "docs/planning/AGENT_OBSERVABILITY_DIAGNOSTIC_PLAN.md",
        "hashed_secret": "19a5e4d5ef67a8b6453d773e4b1768e7c01c9fbb",
        "is_verified": false,
        "line_number": 321
      }
    ],
    "docs/planning/HOOK_INTELLIGENCE_ARCHITECTURE.md": [
      {
        "type": "Secret Keyword",
        "filename": "docs/planning/HOOK_INTELLIGENCE_ARCHITECTURE.md",
        "hashed_secret": "19a5e4d5ef67a8b6453d773e4b1768e7c01c9fbb",
        "is_verified": false,
        "line_number": 155
      }
    ],
    "docs/reference/OMNICLAUDE_MVP_AND_RELEASE_REQUIREMENTS.md": [
      {
        "type": "Secret Keyword",
        "filename": "docs/reference/OMNICLAUDE_MVP_AND_RELEASE_REQUIREMENTS.md",
        "hashed_secret": "19a5e4d5ef67a8b6453d773e4b1768e7c01c9fbb",
        "is_verified": false,
        "line_number": 1243
      }
    ],
    "docs/remediation/AGENT_SYSTEM_REMEDIATION_PLAN.md": [
      {
        "type": "Secret Keyword",
        "filename": "docs/remediation/AGENT_SYSTEM_REMEDIATION_PLAN.md",
        "hashed_secret": "bd3a11478cfb7879bcc2b90fbcab99e22e2a8c24",
        "is_verified": false,
        "line_number": 59
      }
    ],
    "docs/security/BANDIT_CONFIGURATION.md": [
      {
        "type": "Secret Keyword",
        "filename": "docs/security/BANDIT_CONFIGURATION.md",
        "hashed_secret": "5baa61e4c9b93f3f0682250b6cf8331b7ee68fd8",
        "is_verified": false,
        "line_number": 120
      }
    ],
    "docs/testing/PATTERN_QUALITY_TEST_COVERAGE.md": [
      {
        "type": "Basic Auth Credentials",
        "filename": "docs/testing/PATTERN_QUALITY_TEST_COVERAGE.md",
        "hashed_secret": "5baa61e4c9b93f3f0682250b6cf8331b7ee68fd8",
        "is_verified": false,
        "line_number": 170
      },
      {
        "type": "Basic Auth Credentials",
        "filename": "docs/testing/PATTERN_QUALITY_TEST_COVERAGE.md",
        "hashed_secret": "9fb7fe1217aed442b04c0f5e43b5d5a7d3287097",
        "is_verified": false,
        "line_number": 313
      },
      {
        "type": "Secret Keyword",
        "filename": "docs/testing/PATTERN_QUALITY_TEST_COVERAGE.md",
        "hashed_secret": "564e340cd48437d2dfe876ee154cc99dc4d0d137",
        "is_verified": false,
        "line_number": 341
      }
    ],
    "docs/testing/TESTING_STRATEGY.md": [
      {
        "type": "Secret Keyword",
        "filename": "docs/testing/TESTING_STRATEGY.md",
        "hashed_secret": "f2b14f68eb995facb3a1c35287b778d5bd785511",
        "is_verified": false,
        "line_number": 243
      }
    ],
    "plugins/onex/agents/configs/commit.yaml": [
      {
        "type": "Secret Keyword",
        "filename": "plugins/onex/agents/configs/commit.yaml",
        "hashed_secret": "b5cec341d60add4e7e5594cb5b1924545e4ba174",
        "is_verified": false,
        "line_number": 176
      }
    ],
    "plugins/onex/skills/agent-tracking/prompt.md": [
      {
        "type": "Secret Keyword",
        "filename": "plugins/onex/skills/agent-tracking/prompt.md",
        "hashed_secret": "19a5e4d5ef67a8b6453d773e4b1768e7c01c9fbb",
        "is_verified": false,
        "line_number": 288
      }
    ],
    "scripts/debug_loop_cli.py": [
      {
        "type": "Secret Keyword",
        "filename": "scripts/debug_loop_cli.py",
        "hashed_secret": "ebad04f2ffccc527abe7817356bb105c2e39ba62",
        "is_verified": false,
        "line_number": 78
      }
    ],
    "scripts/validate-env.sh": [
      {
        "type": "Secret Keyword",
        "filename": "scripts/validate-env.sh",
        "hashed_secret": "d033e22ae348aeb5660fc2140aec35850c4da997",
        "is_verified": false,
        "line_number": 138
      }
    ],
    "scripts/validation/validate_secrets.py": [
      {
        "type": "Secret Keyword",
        "filename": "scripts/validation/validate_secrets.py",
        "hashed_secret": "1ded3053d0363079a4e681a3b700435d6d880290",
        "is_verified": false,
        "line_number": 39
      },
      {
        "type": "Secret Keyword",
        "filename": "scripts/validation/validate_secrets.py",
        "hashed_secret": "a94a8fe5ccb19ba61c4c0873d391e987982fbbd3",
        "is_verified": false,
        "line_number": 543
      }
    ],
    "src/omniclaude/config/settings.py": [
      {
        "type": "Basic Auth Credentials",
        "filename": "src/omniclaude/config/settings.py",
        "hashed_secret": "5baa61e4c9b93f3f0682250b6cf8331b7ee68fd8",
        "is_verified": false,
        "line_number": 26
      }
    ],
    "src/omniclaude/hooks/context_config.py": [
      {
        "type": "Basic Auth Credentials",
        "filename": "src/omniclaude/hooks/context_config.py",
        "hashed_secret": "5baa61e4c9b93f3f0682250b6cf8331b7ee68fd8",
        "is_verified": false,
        "line_number": 393
      }
    ],
    "src/omniclaude/hooks/schemas.py": [
      {
        "type": "Secret Keyword",
        "filename": "src/omniclaude/hooks/schemas.py",
        "hashed_secret": "c7dfb39b9f80abb9f88bf0dfe0da274678e3f69b",
        "is_verified": false,
        "line_number": 169
      },
      {
        "type": "Basic Auth Credentials",
        "filename": "src/omniclaude/hooks/schemas.py",
        "hashed_secret": "5baa61e4c9b93f3f0682250b6cf8331b7ee68fd8",
        "is_verified": false,
        "line_number": 233
      },
      {
        "type": "Basic Auth Credentials",
        "filename": "src/omniclaude/hooks/schemas.py",
        "hashed_secret": "91dfd9ddb4198affc5c194cd8ce6d338fde470e2",
        "is_verified": false,
        "line_number": 388
      }
    ]
  },
  "generated_at": "2026-02-16T13:37:45Z"
}
