{
  "filters_used": [
    {
      "path": "detect_secrets.filters.allowlist.is_line_allowlisted"
    },
    {
      "filename": ".secrets.baseline",
      "path": "detect_secrets.filters.common.is_baseline_file"
    },
    {
      "min_level": 2,
      "path": "detect_secrets.filters.common.is_ignored_due_to_verification_policies"
    },
    {
      "path": "detect_secrets.filters.heuristic.is_indirect_reference"
    },
    {
      "path": "detect_secrets.filters.heuristic.is_likely_id_string"
    },
    {
      "path": "detect_secrets.filters.heuristic.is_lock_file"
    },
    {
      "path": "detect_secrets.filters.heuristic.is_not_alphanumeric_string"
    },
    {
      "path": "detect_secrets.filters.heuristic.is_potential_uuid"
    },
    {
      "path": "detect_secrets.filters.heuristic.is_prefixed_with_dollar_sign"
    },
    {
      "path": "detect_secrets.filters.heuristic.is_sequential_string"
    },
    {
      "path": "detect_secrets.filters.heuristic.is_swagger_file"
    },
    {
      "path": "detect_secrets.filters.heuristic.is_templated_secret"
    },
    {
      "path": "detect_secrets.filters.regex.should_exclude_file",
      "pattern": [
        "\\.lock$",
        "\\.env\\.example$",
        "bandit-report\\.json$",
        "^tests/",
        "security-report\\.json$"
      ]
    }
  ],
  "plugins_used": [
    {
      "name": "ArtifactoryDetector"
    },
    {
      "name": "AWSKeyDetector"
    },
    {
      "name": "AzureStorageKeyDetector"
    },
    {
      "limit": 4.5,
      "name": "Base64HighEntropyString"
    },
    {
      "name": "BasicAuthDetector"
    },
    {
      "name": "CloudantDetector"
    },
    {
      "name": "DiscordBotTokenDetector"
    },
    {
      "name": "GitHubTokenDetector"
    },
    {
      "name": "GitLabTokenDetector"
    },
    {
      "limit": 3.0,
      "name": "HexHighEntropyString"
    },
    {
      "name": "IbmCloudIamDetector"
    },
    {
      "name": "IbmCosHmacDetector"
    },
    {
      "name": "IPPublicDetector"
    },
    {
      "name": "JwtTokenDetector"
    },
    {
      "keyword_exclude": "",
      "name": "KeywordDetector"
    },
    {
      "name": "MailchimpDetector"
    },
    {
      "name": "NpmDetector"
    },
    {
      "name": "OpenAIDetector"
    },
    {
      "name": "PrivateKeyDetector"
    },
    {
      "name": "PypiTokenDetector"
    },
    {
      "name": "SendGridDetector"
    },
    {
      "name": "SlackDetector"
    },
    {
      "name": "SoftlayerDetector"
    },
    {
      "name": "SquareOAuthDetector"
    },
    {
      "name": "StripeDetector"
    },
    {
      "name": "TelegramBotTokenDetector"
    },
    {
      "name": "TwilioKeyDetector"
    }
  ],
  "results": {
    ".github/actions/deploy-gate/deploy_gate_legacy_grandfather.yaml": [
      {
        "filename": ".github/actions/deploy-gate/deploy_gate_legacy_grandfather.yaml",
        "hashed_secret": "9ad1073b790b6d97499d87485b15c94f0ef96ad7",
        "is_verified": false,
        "type": "Hex High Entropy String"
      }
    ],
    ".github/workflows/_scratch-hmc-caller.yml": [
      {
        "filename": ".github/workflows/_scratch-hmc-caller.yml",
        "hashed_secret": "61d531bda1dc4282b4d32f9d0640f6169ef3e2b3",
        "is_secret": false,
        "is_verified": false,
        "type": "Hex High Entropy String"
      }
    ],
    ".github/workflows/advisory-job-gate.yml": [
      {
        "filename": ".github/workflows/advisory-job-gate.yml",
        "hashed_secret": "3e26d6750975d678acb8fa35a0f69237881576b0",
        "is_secret": false,
        "is_verified": false,
        "type": "Secret Keyword"
      }
    ],
    ".github/workflows/branch-claim-check-reusable.yml": [
      {
        "filename": ".github/workflows/branch-claim-check-reusable.yml",
        "hashed_secret": "3e26d6750975d678acb8fa35a0f69237881576b0",
        "is_secret": false,
        "is_verified": false,
        "type": "Secret Keyword"
      }
    ],
    ".github/workflows/branch-claim-check.yml": [
      {
        "filename": ".github/workflows/branch-claim-check.yml",
        "hashed_secret": "3e26d6750975d678acb8fa35a0f69237881576b0",
        "is_secret": false,
        "is_verified": false,
        "type": "Secret Keyword"
      }
    ],
    ".github/workflows/check-handshake.yml": [
      {
        "filename": ".github/workflows/check-handshake.yml",
        "hashed_secret": "4e72318ca07b708e22728dbde2e7957111cb8d25",
        "is_verified": false,
        "type": "Hex High Entropy String"
      }
    ],
    ".github/workflows/ci.yml": [
      {
        "filename": ".github/workflows/ci.yml",
        "hashed_secret": "71cadc7ae2997690ed0a1899ba50985d998f4da4",
        "is_verified": false,
        "type": "Basic Auth Credentials"
      },
      {
        "filename": ".github/workflows/ci.yml",
        "hashed_secret": "a94a8fe5ccb19ba61c4c0873d391e987982fbbd3",
        "is_verified": false,
        "type": "Basic Auth Credentials"
      },
      {
        "filename": ".github/workflows/ci.yml",
        "hashed_secret": "6c2fa0e7fd6262629e5dfd5c7b22db995cdcb963",
        "is_verified": false,
        "type": "Secret Keyword"
      },
      {
        "filename": ".github/workflows/ci.yml",
        "hashed_secret": "71cadc7ae2997690ed0a1899ba50985d998f4da4",
        "is_verified": false,
        "type": "Secret Keyword"
      },
      {
        "filename": ".github/workflows/ci.yml",
        "hashed_secret": "a94a8fe5ccb19ba61c4c0873d391e987982fbbd3",
        "is_verified": false,
        "type": "Secret Keyword"
      },
      {
        "filename": ".github/workflows/ci.yml",
        "hashed_secret": "aad9b65bcacf1c2f6251d6d4ad7659b1ee8b4683",
        "is_verified": false,
        "type": "Secret Keyword"
      },
      {
        "filename": ".github/workflows/ci.yml",
        "hashed_secret": "afc848c316af1a89d49826c5ae9d00ed769415f3",
        "is_verified": false,
        "type": "Secret Keyword"
      }
    ],
    ".github/workflows/integration-tests.yml": [
      {
        "filename": ".github/workflows/integration-tests.yml",
        "hashed_secret": "9fb7fe1217aed442b04c0f5e43b5d5a7d3287097",
        "is_verified": false,
        "type": "Secret Keyword"
      },
      {
        "filename": ".github/workflows/integration-tests.yml",
        "hashed_secret": "f8231630068fb1fd343ead79e6f5a1bc490b1bfc",
        "is_verified": false,
        "type": "Secret Keyword"
      }
    ],
    ".github/workflows/public-repo-hygiene-reusable.yml": [
      {
        "filename": ".github/workflows/public-repo-hygiene-reusable.yml",
        "hashed_secret": "3e26d6750975d678acb8fa35a0f69237881576b0",
        "is_secret": false,
        "is_verified": false,
        "type": "Secret Keyword"
      }
    ],
    ".github/workflows/public-repo-hygiene.yml": [
      {
        "filename": ".github/workflows/public-repo-hygiene.yml",
        "hashed_secret": "3e26d6750975d678acb8fa35a0f69237881576b0",
        "is_secret": false,
        "is_verified": false,
        "type": "Secret Keyword"
      }
    ],
    ".github/workflows/route-runner-reusable.yml": [
      {
        "filename": ".github/workflows/route-runner-reusable.yml",
        "hashed_secret": "8b1dbb2ca376b192e67e6307d1b475521f4fc5f6",
        "is_secret": false,
        "is_verified": false,
        "type": "Hex High Entropy String"
      }
    ],
    "config/hardcoded_model_config_baseline.yaml": [
      {
        "filename": "config/hardcoded_model_config_baseline.yaml",
        "hashed_secret": "0023ab8e3f6eb5c7ff74c5c5e4fcd51ab6ce1810",
        "is_secret": false,
        "is_verified": false,
        "type": "Hex High Entropy String"
      },
      {
        "filename": "config/hardcoded_model_config_baseline.yaml",
        "hashed_secret": "0112d958e12f6d1d210479d33d7489df269b67fe",
        "is_secret": false,
        "is_verified": false,
        "type": "Hex High Entropy String"
      },
      {
        "filename": "config/hardcoded_model_config_baseline.yaml",
        "hashed_secret": "02f1539c0991cad0cf9e8437df1a83cee357be52",
        "is_secret": false,
        "is_verified": false,
        "type": "Hex High Entropy String"
      },
      {
        "filename": "config/hardcoded_model_config_baseline.yaml",
        "hashed_secret": "02fde9a6718ecca08929a121e8f7221b93971ede",
        "is_secret": false,
        "is_verified": false,
        "type": "Hex High Entropy String"
      },
      {
        "filename": "config/hardcoded_model_config_baseline.yaml",
        "hashed_secret": "031e6dcf9e06c1de95c7d38ab2b4d40d08cdb16a",
        "is_secret": false,
        "is_verified": false,
        "type": "Hex High Entropy String"
      },
      {
        "filename": "config/hardcoded_model_config_baseline.yaml",
        "hashed_secret": "08479da79cd8eeedaf67867931844ab7800ca4ee",
        "is_secret": false,
        "is_verified": false,
        "type": "Hex High Entropy String"
      },
      {
        "filename": "config/hardcoded_model_config_baseline.yaml",
        "hashed_secret": "098fc9dd185fdfa95cefd855ac9329344959d83d",
        "is_secret": false,
        "is_verified": false,
        "type": "Hex High Entropy String"
      },
      {
        "filename": "config/hardcoded_model_config_baseline.yaml",
        "hashed_secret": "09df52e1fd27f214fe2e4571945047b222bd6646",
        "is_secret": false,
        "is_verified": false,
        "type": "Hex High Entropy String"
      },
      {
        "filename": "config/hardcoded_model_config_baseline.yaml",
        "hashed_secret": "101df63386ba5cec9f2e829020cff01e16bf1358",
        "is_secret": false,
        "is_verified": false,
        "type": "Hex High Entropy String"
      },
      {
        "filename": "config/hardcoded_model_config_baseline.yaml",
        "hashed_secret": "1091d28abf4034e0e9865a1dbc3d1e1a778e367a",
        "is_secret": false,
        "is_verified": false,
        "type": "Hex High Entropy String"
      },
      {
        "filename": "config/hardcoded_model_config_baseline.yaml",
        "hashed_secret": "10a1d42b8d35dfa7790698c6b67edf39802c913c",
        "is_secret": false,
        "is_verified": false,
        "type": "Hex High Entropy String"
      },
      {
        "filename": "config/hardcoded_model_config_baseline.yaml",
        "hashed_secret": "12a8e4a538f12eefc06cae80332c6c8087e53e74",
        "is_secret": false,
        "is_verified": false,
        "type": "Hex High Entropy String"
      },
      {
        "filename": "config/hardcoded_model_config_baseline.yaml",
        "hashed_secret": "13d639c94133ea11049cc81c61a0c2ed1be29a6f",
        "is_secret": false,
        "is_verified": false,
        "type": "Hex High Entropy String"
      },
      {
        "filename": "config/hardcoded_model_config_baseline.yaml",
        "hashed_secret": "13ece233d654695083fd480cca934ae2bf6e63d5",
        "is_secret": false,
        "is_verified": false,
        "type": "Hex High Entropy String"
      },
      {
        "filename": "config/hardcoded_model_config_baseline.yaml",
        "hashed_secret": "169116c7a8a8ae08fcd4bb83b12fd09ca9bc31be",
        "is_secret": false,
        "is_verified": false,
        "type": "Hex High Entropy String"
      },
      {
        "filename": "config/hardcoded_model_config_baseline.yaml",
        "hashed_secret": "230056ea338a64914f4b0201ec39c9c97b11ac63",
        "is_secret": false,
        "is_verified": false,
        "type": "Hex High Entropy String"
      },
      {
        "filename": "config/hardcoded_model_config_baseline.yaml",
        "hashed_secret": "250bfdf9c6927237f0aa4a5a1742eb82c94de1df",
        "is_secret": false,
        "is_verified": false,
        "type": "Hex High Entropy String"
      },
      {
        "filename": "config/hardcoded_model_config_baseline.yaml",
        "hashed_secret": "26dd1a15a5130d4d445bcacfa2cbb81ef0b477f7",
        "is_secret": false,
        "is_verified": false,
        "type": "Hex High Entropy String"
      },
      {
        "filename": "config/hardcoded_model_config_baseline.yaml",
        "hashed_secret": "26f04a95b29f3f09d65cd4088ff930b2037535e9",
        "is_secret": false,
        "is_verified": false,
        "type": "Hex High Entropy String"
      },
      {
        "filename": "config/hardcoded_model_config_baseline.yaml",
        "hashed_secret": "29ca3d65e67210ccf7e1a342b921b97d35e43c4b",
        "is_secret": false,
        "is_verified": false,
        "type": "Hex High Entropy String"
      },
      {
        "filename": "config/hardcoded_model_config_baseline.yaml",
        "hashed_secret": "2b0c84e7bb7d2f7feb37f269e74de8a774ca694b",
        "is_secret": false,
        "is_verified": false,
        "type": "Hex High Entropy String"
      },
      {
        "filename": "config/hardcoded_model_config_baseline.yaml",
        "hashed_secret": "2b751703f74326b5d4fee25b076f05d29435c5eb",
        "is_secret": false,
        "is_verified": false,
        "type": "Hex High Entropy String"
      },
      {
        "filename": "config/hardcoded_model_config_baseline.yaml",
        "hashed_secret": "30c98a638779c5c6756416859678367d4d1a5b4a",
        "is_secret": false,
        "is_verified": false,
        "type": "Hex High Entropy String"
      },
      {
        "filename": "config/hardcoded_model_config_baseline.yaml",
        "hashed_secret": "3296285725aa1944d460486a57cd7b074043bed7",
        "is_secret": false,
        "is_verified": false,
        "type": "Hex High Entropy String"
      },
      {
        "filename": "config/hardcoded_model_config_baseline.yaml",
        "hashed_secret": "355cd0962c7318a7c0d7350a17a9e0c874763ecc",
        "is_secret": false,
        "is_verified": false,
        "type": "Hex High Entropy String"
      },
      {
        "filename": "config/hardcoded_model_config_baseline.yaml",
        "hashed_secret": "357a2ca2d3c76b12ea32b9ba1c0293176f53bcfe",
        "is_secret": false,
        "is_verified": false,
        "type": "Hex High Entropy String"
      },
      {
        "filename": "config/hardcoded_model_config_baseline.yaml",
        "hashed_secret": "370e19267ebdf1a064fe563ce270694f57c62c06",
        "is_secret": false,
        "is_verified": false,
        "type": "Hex High Entropy String"
      },
      {
        "filename": "config/hardcoded_model_config_baseline.yaml",
        "hashed_secret": "377dcce6e3ce3c2e34cf0fbae242280d1046693e",
        "is_secret": false,
        "is_verified": false,
        "type": "Hex High Entropy String"
      },
      {
        "filename": "config/hardcoded_model_config_baseline.yaml",
        "hashed_secret": "3876e5c11611ef3b75868af57c7696e38c4ca1d6",
        "is_secret": false,
        "is_verified": false,
        "type": "Hex High Entropy String"
      },
      {
        "filename": "config/hardcoded_model_config_baseline.yaml",
        "hashed_secret": "3945fb1e515134b8d1e75fec0667c257f0a8cd4a",
        "is_secret": false,
        "is_verified": false,
        "type": "Hex High Entropy String"
      },
      {
        "filename": "config/hardcoded_model_config_baseline.yaml",
        "hashed_secret": "39b4672772ff85c476c522f96a6231b3622a2bb8",
        "is_secret": false,
        "is_verified": false,
        "type": "Hex High Entropy String"
      },
      {
        "filename": "config/hardcoded_model_config_baseline.yaml",
        "hashed_secret": "3fac119217007531c257a36152022fba909ea6f8",
        "is_secret": false,
        "is_verified": false,
        "type": "Hex High Entropy String"
      },
      {
        "filename": "config/hardcoded_model_config_baseline.yaml",
        "hashed_secret": "4047fa676af5576322d87610ac4bb4b634dc61fb",
        "is_secret": false,
        "is_verified": false,
        "type": "Hex High Entropy String"
      },
      {
        "filename": "config/hardcoded_model_config_baseline.yaml",
        "hashed_secret": "417ae85fa6af07f219e85c870004fd89441b0bd9",
        "is_secret": false,
        "is_verified": false,
        "type": "Hex High Entropy String"
      },
      {
        "filename": "config/hardcoded_model_config_baseline.yaml",
        "hashed_secret": "45001348f10e2fa2220329d6fe282a4f140843fe",
        "is_secret": false,
        "is_verified": false,
        "type": "Hex High Entropy String"
      },
      {
        "filename": "config/hardcoded_model_config_baseline.yaml",
        "hashed_secret": "49c92dc8803e8069bda248d7c6f09b3a990b2d5f",
        "is_secret": false,
        "is_verified": false,
        "type": "Hex High Entropy String"
      },
      {
        "filename": "config/hardcoded_model_config_baseline.yaml",
        "hashed_secret": "4b8192f0189e6dc4f42575701a681aab43ce1a3b",
        "is_secret": false,
        "is_verified": false,
        "type": "Hex High Entropy String"
      },
      {
        "filename": "config/hardcoded_model_config_baseline.yaml",
        "hashed_secret": "4d342436c55fcf1cd83b223a850bc77058e15655",
        "is_secret": false,
        "is_verified": false,
        "type": "Hex High Entropy String"
      },
      {
        "filename": "config/hardcoded_model_config_baseline.yaml",
        "hashed_secret": "5503fe80053586deaadda13b3ceb41621499937f",
        "is_secret": false,
        "is_verified": false,
        "type": "Hex High Entropy String"
      },
      {
        "filename": "config/hardcoded_model_config_baseline.yaml",
        "hashed_secret": "56afd7ee12911ba90f57f6856b70ef9321459521",
        "is_secret": false,
        "is_verified": false,
        "type": "Hex High Entropy String"
      },
      {
        "filename": "config/hardcoded_model_config_baseline.yaml",
        "hashed_secret": "5a795d1cdb1f208753b27b8fc8e9a38299b8087d",
        "is_secret": false,
        "is_verified": false,
        "type": "Hex High Entropy String"
      },
      {
        "filename": "config/hardcoded_model_config_baseline.yaml",
        "hashed_secret": "5b990e9ca4f6b7b4590d6ecef549348485094aa6",
        "is_secret": false,
        "is_verified": false,
        "type": "Hex High Entropy String"
      },
      {
        "filename": "config/hardcoded_model_config_baseline.yaml",
        "hashed_secret": "5e4ff39fa3cd0f88e4120415e780c5b99c5b0030",
        "is_secret": false,
        "is_verified": false,
        "type": "Hex High Entropy String"
      },
      {
        "filename": "config/hardcoded_model_config_baseline.yaml",
        "hashed_secret": "6064d5ad0f6e8458206f45f892a8283d8648483c",
        "is_secret": false,
        "is_verified": false,
        "type": "Hex High Entropy String"
      },
      {
        "filename": "config/hardcoded_model_config_baseline.yaml",
        "hashed_secret": "62005764ba5c31b192187fd7365e6b27990fd6ad",
        "is_secret": false,
        "is_verified": false,
        "type": "Hex High Entropy String"
      },
      {
        "filename": "config/hardcoded_model_config_baseline.yaml",
        "hashed_secret": "6607a87b0efb820f1b5615fab2eabc6833d78d23",
        "is_secret": false,
        "is_verified": false,
        "type": "Hex High Entropy String"
      },
      {
        "filename": "config/hardcoded_model_config_baseline.yaml",
        "hashed_secret": "6b625f826ec12525a25d571e6acfb169d4bb376d",
        "is_secret": false,
        "is_verified": false,
        "type": "Hex High Entropy String"
      },
      {
        "filename": "config/hardcoded_model_config_baseline.yaml",
        "hashed_secret": "6d9a4318055999354a84f2831ef99b2c799540e1",
        "is_secret": false,
        "is_verified": false,
        "type": "Hex High Entropy String"
      },
      {
        "filename": "config/hardcoded_model_config_baseline.yaml",
        "hashed_secret": "8612e6c48540e5161dc0adaaf911d99ca6725aa4",
        "is_secret": false,
        "is_verified": false,
        "type": "Hex High Entropy String"
      },
      {
        "filename": "config/hardcoded_model_config_baseline.yaml",
        "hashed_secret": "8733b6a271c5ff9846cca4e11a330742dd628e14",
        "is_secret": false,
        "is_verified": false,
        "type": "Hex High Entropy String"
      },
      {
        "filename": "config/hardcoded_model_config_baseline.yaml",
        "hashed_secret": "8acb5f49ebd9d6f45cf803e7a6b762a71d966f10",
        "is_secret": false,
        "is_verified": false,
        "type": "Hex High Entropy String"
      },
      {
        "filename": "config/hardcoded_model_config_baseline.yaml",
        "hashed_secret": "8c5413d4a441aee9f0b5404faee36086d171827a",
        "is_secret": false,
        "is_verified": false,
        "type": "Hex High Entropy String"
      },
      {
        "filename": "config/hardcoded_model_config_baseline.yaml",
        "hashed_secret": "955189bd5bc4312d148595ebb58e3123e0281e53",
        "is_secret": false,
        "is_verified": false,
        "type": "Hex High Entropy String"
      },
      {
        "filename": "config/hardcoded_model_config_baseline.yaml",
        "hashed_secret": "96135219dcc7a69d64ff1789c1a4c3fffa7f6db0",
        "is_secret": false,
        "is_verified": false,
        "type": "Hex High Entropy String"
      },
      {
        "filename": "config/hardcoded_model_config_baseline.yaml",
        "hashed_secret": "97446a33a065b4161adc485fac6dbd59955bad25",
        "is_secret": false,
        "is_verified": false,
        "type": "Hex High Entropy String"
      },
      {
        "filename": "config/hardcoded_model_config_baseline.yaml",
        "hashed_secret": "98d2f1941ad44cb0322f8be80fafff3cf7236fd3",
        "is_secret": false,
        "is_verified": false,
        "type": "Hex High Entropy String"
      },
      {
        "filename": "config/hardcoded_model_config_baseline.yaml",
        "hashed_secret": "9dcd925d3539901fa7dbc67ccd1eb752071c65f4",
        "is_secret": false,
        "is_verified": false,
        "type": "Hex High Entropy String"
      },
      {
        "filename": "config/hardcoded_model_config_baseline.yaml",
        "hashed_secret": "9e5a61d26ddb437ac18cf3e4ec8744aae745a085",
        "is_secret": false,
        "is_verified": false,
        "type": "Hex High Entropy String"
      },
      {
        "filename": "config/hardcoded_model_config_baseline.yaml",
        "hashed_secret": "a9386e29203936f123bc3f7b01e1e4dd21eccadc",
        "is_secret": false,
        "is_verified": false,
        "type": "Hex High Entropy String"
      },
      {
        "filename": "config/hardcoded_model_config_baseline.yaml",
        "hashed_secret": "a9dedacb3e62e95407b12a4ef5f937ee97e6b268",
        "is_secret": false,
        "is_verified": false,
        "type": "Hex High Entropy String"
      },
      {
        "filename": "config/hardcoded_model_config_baseline.yaml",
        "hashed_secret": "aadae6a09ffd725168e8b4d749f27b371211ef37",
        "is_secret": false,
        "is_verified": false,
        "type": "Hex High Entropy String"
      },
      {
        "filename": "config/hardcoded_model_config_baseline.yaml",
        "hashed_secret": "ae956662b7c2459901e1606adb32f41ab707b080",
        "is_secret": false,
        "is_verified": false,
        "type": "Hex High Entropy String"
      },
      {
        "filename": "config/hardcoded_model_config_baseline.yaml",
        "hashed_secret": "aeaecc3f396f1048d1251fdb92ab178cc4e308b1",
        "is_secret": false,
        "is_verified": false,
        "type": "Hex High Entropy String"
      },
      {
        "filename": "config/hardcoded_model_config_baseline.yaml",
        "hashed_secret": "b1d6918ecf6a35df9cc02067b3334a268969187d",
        "is_secret": false,
        "is_verified": false,
        "type": "Hex High Entropy String"
      },
      {
        "filename": "config/hardcoded_model_config_baseline.yaml",
        "hashed_secret": "b457beb30e0c8b612eb51c4227d030a79139500b",
        "is_secret": false,
        "is_verified": false,
        "type": "Hex High Entropy String"
      },
      {
        "filename": "config/hardcoded_model_config_baseline.yaml",
        "hashed_secret": "b5ab2ceaf49cec9679c30794d47dbaed1a032baf",
        "is_secret": false,
        "is_verified": false,
        "type": "Hex High Entropy String"
      },
      {
        "filename": "config/hardcoded_model_config_baseline.yaml",
        "hashed_secret": "b9069bc60f79fb058bffaa404fc2b9608002c944",
        "is_secret": false,
        "is_verified": false,
        "type": "Hex High Entropy String"
      },
      {
        "filename": "config/hardcoded_model_config_baseline.yaml",
        "hashed_secret": "ba7833aeeddfa56f08f2b962f4ef6841e90fa84e",
        "is_secret": false,
        "is_verified": false,
        "type": "Hex High Entropy String"
      },
      {
        "filename": "config/hardcoded_model_config_baseline.yaml",
        "hashed_secret": "bab3753170929c494374fe7f7960a2cec6ce89e5",
        "is_secret": false,
        "is_verified": false,
        "type": "Hex High Entropy String"
      },
      {
        "filename": "config/hardcoded_model_config_baseline.yaml",
        "hashed_secret": "bc92f9a38f7292749f93a15be70d8c9eba236f1c",
        "is_secret": false,
        "is_verified": false,
        "type": "Hex High Entropy String"
      },
      {
        "filename": "config/hardcoded_model_config_baseline.yaml",
        "hashed_secret": "be26398a50c7224b581aeb8a53c01bf6ea42fe18",
        "is_secret": false,
        "is_verified": false,
        "type": "Hex High Entropy String"
      },
      {
        "filename": "config/hardcoded_model_config_baseline.yaml",
        "hashed_secret": "c57011996d1b1b7467c492ca3ac76ac3db715f62",
        "is_secret": false,
        "is_verified": false,
        "type": "Hex High Entropy String"
      },
      {
        "filename": "config/hardcoded_model_config_baseline.yaml",
        "hashed_secret": "c634bb78b6857e181b460dfd1909b0e0bfcea0bb",
        "is_secret": false,
        "is_verified": false,
        "type": "Hex High Entropy String"
      },
      {
        "filename": "config/hardcoded_model_config_baseline.yaml",
        "hashed_secret": "c82900911119926c0a6fc4fb92b7918249c39174",
        "is_secret": false,
        "is_verified": false,
        "type": "Hex High Entropy String"
      },
      {
        "filename": "config/hardcoded_model_config_baseline.yaml",
        "hashed_secret": "ca5cfe9bc1fb732c4f1d88f3d63a7fe72018bfb6",
        "is_secret": false,
        "is_verified": false,
        "type": "Hex High Entropy String"
      },
      {
        "filename": "config/hardcoded_model_config_baseline.yaml",
        "hashed_secret": "ca8e1749b9ceac2e2cd886d98ad177d393340686",
        "is_secret": false,
        "is_verified": false,
        "type": "Hex High Entropy String"
      },
      {
        "filename": "config/hardcoded_model_config_baseline.yaml",
        "hashed_secret": "cb85b3f68d100c3412332fe6e61ecc566900af9b",
        "is_secret": false,
        "is_verified": false,
        "type": "Hex High Entropy String"
      },
      {
        "filename": "config/hardcoded_model_config_baseline.yaml",
        "hashed_secret": "cd0bcac0e441072e60cb6e90f9b78f00e2d2f3fe",
        "is_secret": false,
        "is_verified": false,
        "type": "Hex High Entropy String"
      },
      {
        "filename": "config/hardcoded_model_config_baseline.yaml",
        "hashed_secret": "cdd3322a95884d9f3deca80628b17dd92b056f58",
        "is_secret": false,
        "is_verified": false,
        "type": "Hex High Entropy String"
      },
      {
        "filename": "config/hardcoded_model_config_baseline.yaml",
        "hashed_secret": "ced75fe80aa3ffb8e2e3e46aa1b5ea75a473217a",
        "is_secret": false,
        "is_verified": false,
        "type": "Hex High Entropy String"
      },
      {
        "filename": "config/hardcoded_model_config_baseline.yaml",
        "hashed_secret": "d2b6c6798e313b95cb9716a464aa654485e6cc6d",
        "is_secret": false,
        "is_verified": false,
        "type": "Hex High Entropy String"
      },
      {
        "filename": "config/hardcoded_model_config_baseline.yaml",
        "hashed_secret": "d5eec94724f106e524bbce4b5e08fa18aac9fdc7",
        "is_secret": false,
        "is_verified": false,
        "type": "Hex High Entropy String"
      },
      {
        "filename": "config/hardcoded_model_config_baseline.yaml",
        "hashed_secret": "e0ba6b814be4872ac6d2339487b91a93bc6cb817",
        "is_secret": false,
        "is_verified": false,
        "type": "Hex High Entropy String"
      },
      {
        "filename": "config/hardcoded_model_config_baseline.yaml",
        "hashed_secret": "e21ed97d9bc5b1f1bda287728cd7b3727b23250c",
        "is_secret": false,
        "is_verified": false,
        "type": "Hex High Entropy String"
      },
      {
        "filename": "config/hardcoded_model_config_baseline.yaml",
        "hashed_secret": "e340ef9c5792588e438e67b84108d5369b64494d",
        "is_secret": false,
        "is_verified": false,
        "type": "Hex High Entropy String"
      },
      {
        "filename": "config/hardcoded_model_config_baseline.yaml",
        "hashed_secret": "e8f6e778803b085dbe40b5b3ef26d342842df275",
        "is_secret": false,
        "is_verified": false,
        "type": "Hex High Entropy String"
      },
      {
        "filename": "config/hardcoded_model_config_baseline.yaml",
        "hashed_secret": "e9c99d5157f9e5c51ad8758ba620999af2cf6031",
        "is_secret": false,
        "is_verified": false,
        "type": "Hex High Entropy String"
      },
      {
        "filename": "config/hardcoded_model_config_baseline.yaml",
        "hashed_secret": "ecf2e30d8ad17970946a7fb99097dbd4bd76bdac",
        "is_secret": false,
        "is_verified": false,
        "type": "Hex High Entropy String"
      },
      {
        "filename": "config/hardcoded_model_config_baseline.yaml",
        "hashed_secret": "eeec48ab12b4a8c1b3a25338a7b6244ca7c7552f",
        "is_secret": false,
        "is_verified": false,
        "type": "Hex High Entropy String"
      },
      {
        "filename": "config/hardcoded_model_config_baseline.yaml",
        "hashed_secret": "f1136e752e2364ed6950ba4f0391d953f538cb4e",
        "is_secret": false,
        "is_verified": false,
        "type": "Hex High Entropy String"
      },
      {
        "filename": "config/hardcoded_model_config_baseline.yaml",
        "hashed_secret": "f116f723836715d7bcb5287f13a285f1abcd0641",
        "is_secret": false,
        "is_verified": false,
        "type": "Hex High Entropy String"
      },
      {
        "filename": "config/hardcoded_model_config_baseline.yaml",
        "hashed_secret": "f1247e28bef17080eb614b30d720352992e0dc61",
        "is_secret": false,
        "is_verified": false,
        "type": "Hex High Entropy String"
      },
      {
        "filename": "config/hardcoded_model_config_baseline.yaml",
        "hashed_secret": "f2b653fc99e1335e8539ff3c71870f03cd228842",
        "is_secret": false,
        "is_verified": false,
        "type": "Hex High Entropy String"
      },
      {
        "filename": "config/hardcoded_model_config_baseline.yaml",
        "hashed_secret": "f2f6a576fb929177e18bf1129cbdd3f79a028e39",
        "is_secret": false,
        "is_verified": false,
        "type": "Hex High Entropy String"
      },
      {
        "filename": "config/hardcoded_model_config_baseline.yaml",
        "hashed_secret": "f419fe35854bea9329e40c7a3ecdd20442a1934f",
        "is_secret": false,
        "is_verified": false,
        "type": "Hex High Entropy String"
      },
      {
        "filename": "config/hardcoded_model_config_baseline.yaml",
        "hashed_secret": "f8178b2d896ce4616af88c3566f63f8e758997e3",
        "is_secret": false,
        "is_verified": false,
        "type": "Hex High Entropy String"
      },
      {
        "filename": "config/hardcoded_model_config_baseline.yaml",
        "hashed_secret": "fb4136ab97d1ca648b5605ab30c9b72a33c6461a",
        "is_secret": false,
        "is_verified": false,
        "type": "Hex High Entropy String"
      },
      {
        "filename": "config/hardcoded_model_config_baseline.yaml",
        "hashed_secret": "fbdb840f8f58d6b1fed095cedf1ac0100ad9d98f",
        "is_secret": false,
        "is_verified": false,
        "type": "Hex High Entropy String"
      },
      {
        "filename": "config/hardcoded_model_config_baseline.yaml",
        "hashed_secret": "fcce81b28078b35149a0642a4e74b4c2d0e63963",
        "is_secret": false,
        "is_verified": false,
        "type": "Hex High Entropy String"
      }
    ],
    "examples/config-overlays/claude-providers.example.json": [
      {
        "filename": "examples/config-overlays/claude-providers.example.json",
        "hashed_secret": "3e10d010e7dfb478858d30459fa03f3824340d47",
        "is_secret": false,
        "is_verified": false,
        "type": "Secret Keyword"
      },
      {
        "filename": "examples/config-overlays/claude-providers.example.json",
        "hashed_secret": "5264067a1346e7acfebddbe220bd0369dfe8f3b7",
        "is_secret": false,
        "is_verified": false,
        "type": "Secret Keyword"
      },
      {
        "filename": "examples/config-overlays/claude-providers.example.json",
        "hashed_secret": "96133e4265d7a277409c8094e5eff6a41934cf07",
        "is_secret": false,
        "is_verified": false,
        "type": "Secret Keyword"
      },
      {
        "filename": "examples/config-overlays/claude-providers.example.json",
        "hashed_secret": "c8f16a194efc59559549c7bd69f7bea038742e79",
        "is_secret": false,
        "is_verified": false,
        "type": "Secret Keyword"
      },
      {
        "filename": "examples/config-overlays/claude-providers.example.json",
        "hashed_secret": "f8ca0d7266886f4b5be9adddc9b66017b3bf1a4b",
        "is_secret": false,
        "is_verified": false,
        "type": "Secret Keyword"
      }
    ],
    "plugins/onex/GETTING_STARTED.md": [
      {
        "filename": "plugins/onex/GETTING_STARTED.md",
        "hashed_secret": "5be4c3272edfad6114a3e4f0e31dd644c960700b",
        "is_verified": false,
        "type": "Secret Keyword"
      },
      {
        "filename": "plugins/onex/GETTING_STARTED.md",
        "hashed_secret": "c7a8c334eef5d1749fface7d42c66f9ae5e8cf36",
        "is_verified": false,
        "type": "Secret Keyword"
      }
    ],
    "plugins/onex/agents/configs/commit.yaml": [
      {
        "filename": "plugins/onex/agents/configs/commit.yaml",
        "hashed_secret": "b5cec341d60add4e7e5594cb5b1924545e4ba174",
        "is_verified": false,
        "type": "Secret Keyword"
      }
    ],
    "plugins/onex/hooks/config/ticket_creation_policy.json": [
      {
        "filename": "plugins/onex/hooks/config/ticket_creation_policy.json",
        "hashed_secret": "621381777167933f075667311224a9aecb3349b5",
        "is_secret": false,
        "is_verified": false,
        "type": "Hex High Entropy String"
      },
      {
        "filename": "plugins/onex/hooks/config/ticket_creation_policy.json",
        "hashed_secret": "672871288870fd19ba947f941d21818c405bcdfc",
        "is_secret": false,
        "is_verified": false,
        "type": "Hex High Entropy String"
      },
      {
        "filename": "plugins/onex/hooks/config/ticket_creation_policy.json",
        "hashed_secret": "a9740ece5e1304a75c023f026681741a54cba82e",
        "is_secret": false,
        "is_verified": false,
        "type": "Hex High Entropy String"
      },
      {
        "filename": "plugins/onex/hooks/config/ticket_creation_policy.json",
        "hashed_secret": "ca6fba36ddc6e1f75cb1508337515f6d4367708e",
        "is_secret": false,
        "is_verified": false,
        "type": "Hex High Entropy String"
      }
    ],
    "plugins/onex/hooks/lib/hook_edge_lane.py": [
      {
        "filename": "plugins/onex/hooks/lib/hook_edge_lane.py",
        "hashed_secret": "05071e832988e93e7c2403c9dde22f1181ea93ce",
        "is_secret": false,
        "is_verified": false,
        "type": "Secret Keyword"
      }
    ],
    "scripts/debug_loop_cli.py": [
      {
        "filename": "scripts/debug_loop_cli.py",
        "hashed_secret": "ebad04f2ffccc527abe7817356bb105c2e39ba62",
        "is_verified": false,
        "type": "Secret Keyword"
      }
    ],
    "scripts/validate-env.sh": [
      {
        "filename": "scripts/validate-env.sh",
        "hashed_secret": "d033e22ae348aeb5660fc2140aec35850c4da997",
        "is_verified": false,
        "type": "Secret Keyword"
      }
    ],
    "scripts/validation/validate_secrets.py": [
      {
        "filename": "scripts/validation/validate_secrets.py",
        "hashed_secret": "1ded3053d0363079a4e681a3b700435d6d880290",
        "is_verified": false,
        "type": "Secret Keyword"
      },
      {
        "filename": "scripts/validation/validate_secrets.py",
        "hashed_secret": "a94a8fe5ccb19ba61c4c0873d391e987982fbbd3",
        "is_verified": false,
        "type": "Secret Keyword"
      }
    ],
    "src/omniclaude/config/settings.py": [
      {
        "filename": "src/omniclaude/config/settings.py",
        "hashed_secret": "5baa61e4c9b93f3f0682250b6cf8331b7ee68fd8",
        "is_verified": false,
        "type": "Basic Auth Credentials"
      }
    ],
    "src/omniclaude/hooks/contracts/capture_redaction.yaml": [
      {
        "filename": "src/omniclaude/hooks/contracts/capture_redaction.yaml",
        "hashed_secret": "1a91d62f7ca67399625a4368a6ab5d4a3baa6073",
        "is_secret": false,
        "is_verified": false,
        "type": "Basic Auth Credentials"
      }
    ],
    "src/omniclaude/lib/utils/sanitize.py": [
      {
        "filename": "src/omniclaude/lib/utils/sanitize.py",
        "hashed_secret": "112bb791304791ddcf692e29fd5cf149b35fea37",
        "is_verified": false,
        "type": "Basic Auth Credentials"
      },
      {
        "filename": "src/omniclaude/lib/utils/sanitize.py",
        "hashed_secret": "25ab86bed149ca6ca9c1c0d5db7c9a91388ddeab",
        "is_verified": false,
        "type": "Basic Auth Credentials"
      },
      {
        "filename": "src/omniclaude/lib/utils/sanitize.py",
        "hashed_secret": "9d4e1e23bd5b727046a9e3b4b7db57bd8d6ee684",
        "is_verified": false,
        "type": "Basic Auth Credentials"
      }
    ]
  },
  "version": "1.5.0"
}
